[2026-05-13 15:39:51] local.ERROR: The C:\Users\DELL\Desktop\Проект\bootstrap\cache directory must be present and writable. {"exception":"[object] (Exception(code: 0): The C:\\Users\\DELL\\Desktop\\Проект\\bootstrap\\cache directory must be present and writable. at C:/Users/DELL/Desktop/Проект/vendor/laravel/framework/src/Illuminate/Foundation/PackageManifest.php:179)
[stacktrace]
#0 C:/Users/DELL/Desktop/Проект/vendor/laravel/framework/src/Illuminate/Foundation/PackageManifest.php(132): Illuminate/Foundation/PackageManifest->write(Array)
#1 C:/Users/DELL/Desktop/Проект/vendor/laravel/framework/src/Illuminate/Foundation/PackageManifest.php(108): Illuminate/Foundation/PackageManifest->build()
#2 C:/Users/DELL/Desktop/Проект/vendor/laravel/framework/src/Illuminate/Foundation/PackageManifest.php(91): Illuminate/Foundation/PackageManifest->getManifest()
#3 C:/Users/DELL/Desktop/Проект/vendor/laravel/framework/src/Illuminate/Foundation/PackageManifest.php(80): Illuminate/Foundation/PackageManifest->config('aliases')
#4 C:/Users/DELL/Desktop/Проект/vendor/laravel/framework/src/Illuminate/Foundation/Bootstrap/RegisterFacades.php(26): Illuminate/Foundation/PackageManifest->aliases()
#5 C:/Users/DELL/Desktop/Проект/vendor/laravel/framework/src/Illuminate/Foundation/Application.php(342): Illuminate/Foundation/Bootstrap/RegisterFacades->bootstrap(Object(Illuminate/Foundation/Application))
#6 C:/Users/DELL/Desktop/Проект/vendor/laravel/framework/src/Illuminate/Foundation/Console/Kernel.php(474): Illuminate/Foundation/Application->bootstrapWith(Array)
#7 C:/Users/DELL/Desktop/Проект/vendor/laravel/framework/src/Illuminate/Foundation/Console/Kernel.php(196): Illuminate/Foundation/Console/Kernel->bootstrap()
#8 C:/Users/DELL/Desktop/Проект/artisan(12): Illuminate/Foundation/Console/Kernel->handle(Object(Symfony/Component/Console/Input/ArgvInput), Object(Symfony/Component/Console/Output/ConsoleOutput))
#9 {main}
"} 
[2026-05-14 11:45:36] local.ERROR: Writing to C:/Users/User/AppData/Roaming/PsySH/psysh_history is not allowed. {"exception":"[object] (ErrorException(code: 0): Writing to C:/Users/User/AppData/Roaming/PsySH/psysh_history is not allowed. at D:/моя практика/Проект/vendor/psy/psysh/src/ConfigPaths.php:480)
[stacktrace]
#0 D:/моя практика/Проект/vendor/laravel/framework/src/Illuminate/Foundation/Bootstrap/HandleExceptions.php(258): Illuminate/Foundation/Bootstrap/HandleExceptions->handleError(1024, 'Writing to C:/U...', 'D:///xD0/xBC/xD0/xBE/xD1/x8F /xD0/xBF/xD1/x80/xD0...', 480)
#1 [internal function]: Illuminate/Foundation/Bootstrap/HandleExceptions->{closure:Illuminate/Foundation/Bootstrap/HandleExceptions::forwardsTo():257}(1024, 'Writing to C:/U...', 'D:///xD0/xBC/xD0/xBE/xD1/x8F /xD0/xBF/xD1/x80/xD0...', 480)
#2 D:/моя практика/Проект/vendor/psy/psysh/src/ConfigPaths.php(480): trigger_error('Writing to C:/U...', 1024)
#3 D:/моя практика/Проект/vendor/psy/psysh/src/Configuration.php(1076): Psy/ConfigPaths::touchFileWithMkdir('C:/Users/User/A...')
#4 D:/моя практика/Проект/vendor/psy/psysh/src/Configuration.php(1114): Psy/Configuration->setHistoryFile('C:/Users/User/A...')
#5 D:/моя практика/Проект/vendor/psy/psysh/src/Configuration.php(1293): Psy/Configuration->getHistoryFile()
#6 D:/моя практика/Проект/vendor/psy/psysh/src/Shell.php(191): Psy/Configuration->getReadline()
#7 D:/моя практика/Проект/vendor/psy/psysh/src/Shell.php(2171): Psy/Shell->boot()
#8 D:/моя практика/Проект/vendor/laravel/tinker/src/Console/TinkerCommand.php(77): Psy/Shell->execute('echo App////Model...')
#9 D:/моя практика/Проект/vendor/laravel/framework/src/Illuminate/Container/BoundMethod.php(36): Laravel/Tinker/Console/TinkerCommand->handle()
#10 D:/моя практика/Проект/vendor/laravel/framework/src/Illuminate/Container/Util.php(43): Illuminate/Container/BoundMethod::{closure:Illuminate/Container/BoundMethod::call():35}()
#11 D:/моя практика/Проект/vendor/laravel/framework/src/Illuminate/Container/BoundMethod.php(95): Illuminate/Container/Util::unwrapIfClosure(Object(Closure))
#12 D:/моя практика/Проект/vendor/laravel/framework/src/Illuminate/Container/BoundMethod.php(35): Illuminate/Container/BoundMethod::callBoundMethod(Object(Illuminate/Foundation/Application), Array, Object(Closure))
#13 D:/моя практика/Проект/vendor/laravel/framework/src/Illuminate/Container/Container.php(696): Illuminate/Container/BoundMethod::call(Object(Illuminate/Foundation/Application), Array, Array, NULL)
#14 D:/моя практика/Проект/vendor/laravel/framework/src/Illuminate/Console/Command.php(213): Illuminate/Container/Container->call(Array)
#15 D:/моя практика/Проект/vendor/symfony/console/Command/Command.php(341): Illuminate/Console/Command->execute(Object(Symfony/Component/Console/Input/ArgvInput), Object(Illuminate/Console/OutputStyle))
#16 D:/моя практика/Проект/vendor/laravel/framework/src/Illuminate/Console/Command.php(182): Symfony/Component/Console/Command/Command->run(Object(Symfony/Component/Console/Input/ArgvInput), Object(Illuminate/Console/OutputStyle))
#17 D:/моя практика/Проект/vendor/symfony/console/Application.php(1117): Illuminate/Console/Command->run(Object(Symfony/Component/Console/Input/ArgvInput), Object(Symfony/Component/Console/Output/ConsoleOutput))
#18 D:/моя практика/Проект/vendor/symfony/console/Application.php(356): Symfony/Component/Console/Application->doRunCommand(Object(Laravel/Tinker/Console/TinkerCommand), Object(Symfony/Component/Console/Input/ArgvInput), Object(Symfony/Component/Console/Output/ConsoleOutput))
#19 D:/моя практика/Проект/vendor/symfony/console/Application.php(195): Symfony/Component/Console/Application->doRun(Object(Symfony/Component/Console/Input/ArgvInput), Object(Symfony/Component/Console/Output/ConsoleOutput))
#20 D:/моя практика/Проект/vendor/laravel/framework/src/Illuminate/Foundation/Console/Kernel.php(198): Symfony/Component/Console/Application->run(Object(Symfony/Component/Console/Input/ArgvInput), Object(Symfony/Component/Console/Output/ConsoleOutput))
#21 D:/моя практика/Проект/artisan(12): Illuminate/Foundation/Console/Kernel->handle(Object(Symfony/Component/Console/Input/ArgvInput), Object(Symfony/Component/Console/Output/ConsoleOutput))
#22 {main}
"} 
[2026-05-14 11:45:36] local.ERROR: Writing to C:/Users/User/AppData/Roaming/PsySH/psysh_history is not allowed. {"exception":"[object] (ErrorException(code: 0): Writing to C:/Users/User/AppData/Roaming/PsySH/psysh_history is not allowed. at D:/моя практика/Проект/vendor/psy/psysh/src/ConfigPaths.php:480)
[stacktrace]
#0 D:/моя практика/Проект/vendor/laravel/framework/src/Illuminate/Foundation/Bootstrap/HandleExceptions.php(258): Illuminate/Foundation/Bootstrap/HandleExceptions->handleError(1024, 'Writing to C:/U...', 'D:///xD0/xBC/xD0/xBE/xD1/x8F /xD0/xBF/xD1/x80/xD0...', 480)
#1 [internal function]: Illuminate/Foundation/Bootstrap/HandleExceptions->{closure:Illuminate/Foundation/Bootstrap/HandleExceptions::forwardsTo():257}(1024, 'Writing to C:/U...', 'D:///xD0/xBC/xD0/xBE/xD1/x8F /xD0/xBF/xD1/x80/xD0...', 480)
#2 D:/моя практика/Проект/vendor/psy/psysh/src/ConfigPaths.php(480): trigger_error('Writing to C:/U...', 1024)
#3 D:/моя практика/Проект/vendor/psy/psysh/src/Configuration.php(1076): Psy/ConfigPaths::touchFileWithMkdir('C:/Users/User/A...')
#4 D:/моя практика/Проект/vendor/psy/psysh/src/Configuration.php(1114): Psy/Configuration->setHistoryFile('C:/Users/User/A...')
#5 D:/моя практика/Проект/vendor/psy/psysh/src/Configuration.php(1293): Psy/Configuration->getHistoryFile()
#6 D:/моя практика/Проект/vendor/psy/psysh/src/Shell.php(191): Psy/Configuration->getReadline()
#7 D:/моя практика/Проект/vendor/psy/psysh/src/Shell.php(2171): Psy/Shell->boot()
#8 D:/моя практика/Проект/vendor/laravel/tinker/src/Console/TinkerCommand.php(77): Psy/Shell->execute('echo App////Model...')
#9 D:/моя практика/Проект/vendor/laravel/framework/src/Illuminate/Container/BoundMethod.php(36): Laravel/Tinker/Console/TinkerCommand->handle()
#10 D:/моя практика/Проект/vendor/laravel/framework/src/Illuminate/Container/Util.php(43): Illuminate/Container/BoundMethod::{closure:Illuminate/Container/BoundMethod::call():35}()
#11 D:/моя практика/Проект/vendor/laravel/framework/src/Illuminate/Container/BoundMethod.php(95): Illuminate/Container/Util::unwrapIfClosure(Object(Closure))
#12 D:/моя практика/Проект/vendor/laravel/framework/src/Illuminate/Container/BoundMethod.php(35): Illuminate/Container/BoundMethod::callBoundMethod(Object(Illuminate/Foundation/Application), Array, Object(Closure))
#13 D:/моя практика/Проект/vendor/laravel/framework/src/Illuminate/Container/Container.php(696): Illuminate/Container/BoundMethod::call(Object(Illuminate/Foundation/Application), Array, Array, NULL)
#14 D:/моя практика/Проект/vendor/laravel/framework/src/Illuminate/Console/Command.php(213): Illuminate/Container/Container->call(Array)
#15 D:/моя практика/Проект/vendor/symfony/console/Command/Command.php(341): Illuminate/Console/Command->execute(Object(Symfony/Component/Console/Input/ArgvInput), Object(Illuminate/Console/OutputStyle))
#16 D:/моя практика/Проект/vendor/laravel/framework/src/Illuminate/Console/Command.php(182): Symfony/Component/Console/Command/Command->run(Object(Symfony/Component/Console/Input/ArgvInput), Object(Illuminate/Console/OutputStyle))
#17 D:/моя практика/Проект/vendor/symfony/console/Application.php(1117): Illuminate/Console/Command->run(Object(Symfony/Component/Console/Input/ArgvInput), Object(Symfony/Component/Console/Output/ConsoleOutput))
#18 D:/моя практика/Проект/vendor/symfony/console/Application.php(356): Symfony/Component/Console/Application->doRunCommand(Object(Laravel/Tinker/Console/TinkerCommand), Object(Symfony/Component/Console/Input/ArgvInput), Object(Symfony/Component/Console/Output/ConsoleOutput))
#19 D:/моя практика/Проект/vendor/symfony/console/Application.php(195): Symfony/Component/Console/Application->doRun(Object(Symfony/Component/Console/Input/ArgvInput), Object(Symfony/Component/Console/Output/ConsoleOutput))
#20 D:/моя практика/Проект/vendor/laravel/framework/src/Illuminate/Foundation/Console/Kernel.php(198): Symfony/Component/Console/Application->run(Object(Symfony/Component/Console/Input/ArgvInput), Object(Symfony/Component/Console/Output/ConsoleOutput))
#21 D:/моя практика/Проект/artisan(12): Illuminate/Foundation/Console/Kernel->handle(Object(Symfony/Component/Console/Input/ArgvInput), Object(Symfony/Component/Console/Output/ConsoleOutput))
#22 {main}
"} 
